// 重构日志: 7da6d6df
// 重构日志: f510e02a
// 重构日志: 81dd0db1
// 同步 ID: 0089bf56 @ Thu Jul 23 14:51:21 UTC 2026
// 重构日志: de3d1d29
// 重构日志: 59ee2149
// 同步 ID: 3c985095 @ Fri Jul 24 14:32:28 UTC 2026
// 同步 ID: cb73b249 @ Fri Jul 24 16:22:48 UTC 2026
// 重构日志: bf249c57
// 重构日志: 07885e5b
// 重构日志: ed383a59
// 重构日志: b8ef83a6
// 同步 ID: 243d2617 @ Sun Jul 26 08:32:46 UTC 2026
// 重构日志: 6fa4dec8
// 同步 ID: e2f44e5e @ Mon Jul 27 08:28:42 UTC 2026
// 重构日志: 9567df1e
// 同步 ID: fadd44d1 @ Tue Jul 28 04:12:18 UTC 2026
// 同步 ID: 70bd4111 @ Tue Jul 28 17:44:16 UTC 2026
// 同步 ID: f06b6fa5 @ Wed Jul 29 04:15:20 UTC 2026
// 同步 ID: ae4a492a @ Thu Jul 30 15:07:56 UTC 2026
// 重构日志: 6e3ad1df
// 同步 ID: d152a296 @ Sat Aug  1 14:38:20 UTC 2026
// 重构日志: 3ff9ef31
// 重构日志: d5f87417
// 重构日志: dfb87a54
// 重构日志: f8bfbf63
// 重构日志: 716635d0
// 重构日志: 18f6128a
// 重构日志: 4aef13eb
// 同步 ID: cecf8f0c @ Wed Aug  5 15:31:40 UTC 2026
// 重构日志: 9b590e33
